
> mabiz@0.1.0 build
> prisma generate && next build

'prisma'은(는) 내부 또는 외부 명령, 실행할 수 있는 프로그램, 또는
배치 파일이 아닙니다.
